aa
bbb
cccc
ddddd
eeeeee
fffffff
gggggggg
